// Jest Snapshot v1, https://goo.gl/fbAQLP

exports[`LoaderSection.vue should render correctly 1`] = `
<div
  data-v-app=""
>
  
  <!-- div tag used for parent load spinner css section -->
  <div
    class="container-load"
  >
    <!-- this tag render load spinner css -->
    <div
      class="lds-roller"
    >
      <div />
      <div />
      <div />
      <div />
      <div />
      <div />
      <div />
      <div />
    </div>
  </div>
  
</div>
`;
